Fitting final: Final model; N=4584, pages=1243, links=761
  OK: optimizer=0, pdHess=TRUE, AIC=-15046.17, elapsed=27.1s
Fitting no_crp: CRP omitted; N=4584, pages=1243, links=761
  OK: optimizer=0, pdHess=TRUE, AIC=-14622.38, elapsed=25.5s
Fitting bp2: At least 2 bias-scored links; N=4213, pages=879, links=757
  OK: optimizer=0, pdHess=TRUE, AIC=-13636.73, elapsed=21.4s
Fitting bp5: At least 5 bias-scored links; N=3405, pages=415, links=744
  OK: optimizer=0, pdHess=TRUE, AIC=-10143.14, elapsed=18.4s
Fitting window: Twitter-window posts only; N=4099, pages=1100, links=743
  OK: optimizer=0, pdHess=TRUE, AIC=-13818.84, elapsed=22.5s
Fitting linkout: Leave-link-out page bias; N=4213, pages=879, links=757
  OK: optimizer=0, pdHess=TRUE, AIC=-13622.59, elapsed=25.1s
Fitting min25: Minimum 25 reactions; N=5774, pages=1653, links=772
  OK: optimizer=0, pdHess=TRUE, AIC=-20900.07, elapsed=37.0s
Fitting min100: Minimum 100 reactions; N=3558, pages=914, links=745
  OK: optimizer=0, pdHess=TRUE, AIC=-10332.98, elapsed=21.0s
      id                specification beta_delta delta_low delta_high beta_tox  tox_low  tox_high    p_delta      p_tox delta_sd
   final                  Final model   -0.17296  -0.21135   -0.13456 -0.14872 -0.19587 -0.101577 1.0507e-18 6.2935e-10  0.26914
  no_crp                  CRP omitted   -0.17843  -0.21899   -0.13788 -0.13292 -0.17992 -0.085929 6.4643e-18 2.9588e-08  0.26914
     bp2 At least 2 bias-scored links   -0.20057  -0.24072   -0.16042 -0.16223 -0.21107 -0.113381 1.2334e-22 7.5330e-11  0.27554
     bp5 At least 5 bias-scored links   -0.21937  -0.26421   -0.17454 -0.16954 -0.22568 -0.113394 8.8756e-22 3.2498e-09  0.27470
  window    Twitter-window posts only   -0.17298  -0.21384   -0.13212 -0.14389 -0.19183 -0.095955 1.0654e-16 4.0199e-09  0.26693
 linkout     Leave-link-out page bias   -0.19185  -0.23351   -0.15018 -0.16493 -0.21402 -0.115848 1.8108e-19 4.5248e-11  0.32982
   min25         Minimum 25 reactions   -0.17053  -0.20581   -0.13524 -0.13340 -0.17907 -0.087728 2.7233e-21 1.0346e-08  0.27692
  min100        Minimum 100 reactions   -0.16744  -0.20879   -0.12609 -0.17744 -0.22880 -0.126088 2.0863e-15 1.2697e-11  0.26348
  tox_sd raw_beta_delta raw_beta_tox    N pages links optimizer_code pdHess
 0.15705       -0.64262     -0.94696 4584  1243   761              0   TRUE
 0.15705       -0.66298     -0.84636 4584  1243   761              0   TRUE
 0.15775       -0.72790     -1.02836 4213   879   757              0   TRUE
 0.15736       -0.79861     -1.07738 3405   415   744              0   TRUE
 0.15392       -0.64804     -0.93485 4099  1100   743              0   TRUE
 0.15775       -0.58167     -1.04553 4213   879   757              0   TRUE
 0.15962       -0.61579     -0.83571 5774  1653   772              0   TRUE
 0.15150       -0.63550     -1.17125 3558   914   745              0   TRUE

All eight fits passed optimizer, Hessian and finite-coefficient checks.
